Number of instructions: 4
Initial memory:
Instructions:
0	604110858
1	65011720
Data:


CPU starts running.
instruction: 604110858
error: i instruction not implemented
