Number of instructions: 4
Initial memory:
Instructions:
0	1006772224
1	2353135616
2	65011720
Data:


CPU starts running.
instruction: 1006772224
error: i instruction not implemented
