Number of instructions: 8
Initial memory:
Instructions:
0	1006772224
1	604176389
2	2890072064
3	2353135616
4	65011720
Data:


CPU starts running.
instruction: 1006772224
error: i instruction not implemented
